// Jest Snapshot v1, https://goo.gl/fbAQLP

exports[`src/app/ui/organisms/header/header.component When rendered then matches the snapshot 1`] = `
<div
  id="root4"
>
  <header
    class="app-header"
  >
    <a
      class="app-header__brand"
      href="/"
      routerlink="/"
    >
      Simplis
    </a>
    <app-theme-toggle>
      <button
        aria-label="Passer en mode sombre"
        class="theme-toggle"
        type="button"
      >
         🌙 
      </button>
    </app-theme-toggle>
  </header>
</div>
`;
